// Jest Snapshot v1, https://goo.gl/fbAQLP

exports[`palette snapshot 1`] = `
{
  "dark": {
    "accent": "#FF2D87",
    "bg": "#0A0910",
    "bgElevated": "#15121B",
    "danger": "#FF5470",
    "divider": "rgba(232,220,196,0.07)",
    "glassBg": "rgba(232,220,196,0.07)",
    "glassBorder": "rgba(232,220,196,0.12)",
    "success": "#7FD6A4",
    "surface": "#1D1925",
    "text": "#EFE6D4",
    "textMuted": "rgba(232,220,196,0.6)",
  },
  "light": {
    "accent": "#FF2D87",
    "bg": "#0A0910",
    "bgElevated": "#15121B",
    "danger": "#FF5470",
    "divider": "rgba(232,220,196,0.07)",
    "glassBg": "rgba(232,220,196,0.07)",
    "glassBorder": "rgba(232,220,196,0.12)",
    "success": "#7FD6A4",
    "surface": "#1D1925",
    "text": "#EFE6D4",
    "textMuted": "rgba(232,220,196,0.6)",
  },
  "palette": {
    "beige": "#D8C8A6",
    "beigeSoft": "rgba(232,220,196,0.6)",
    "black": "#000000",
    "blue": "#2563EB",
    "blueAlt": "#3B82F6",
    "cream": "#EFE6D4",
    "danger": "#FF5470",
    "graphite": "#15121B",
    "graphite2": "#1D1925",
    "gray100": "#F5F5F7",
    "gray400": "#6B7280",
    "gray700": "#1F2937",
    "gray900": "#111827",
    "green": "#7FD6A4",
    "ink": "#0A0910",
    "pink": "#FF2D87",
    "pinkSoft": "#FF7AB0",
    "red": "#FF5470",
    "success": "#7FD6A4",
    "white": "#FFFFFF",
  },
}
`;
